// Jest Snapshot v1, https://goo.gl/fbAQLP

exports[`should match snapshot 1`] = `"<div><div class=\\"About__ReadmeContent-f14qts-0 dQHHPv\\"><h1>Content</h1></div><p><a href=\\"https://github.com/drewschrauf/typescript-react-redux\\" target=\\"_blank\\" rel=\\"noopener noreferrer\\">View on GitHub</a></p></div>"`;
