// Jest Snapshot v1, https://goo.gl/fbAQLP

exports[`Counter should match the snapshot: default render 1`] = `"<div class=\\"sc-bdVaJa cJwtzi\\"><h1>Count 1</h1><button class=\\"increment sc-bwzfXH kfeCxp\\">Increment</button><button class=\\"decrement sc-bwzfXH kfeCxp\\">Decrement</button><button class=\\"delayed-increment sc-bwzfXH kfeCxp\\">Delayed increment</button></div>"`;
