// Jest Snapshot v1, https://goo.gl/fbAQLP

exports[`Counter should match the snapshot: default render 1`] = `"<div class=\\"sc-bdVaJa cJwtzi\\"><h1 data-test=\\"count\\">Count 1</h1><button data-test=\\"increment\\" class=\\"sc-bwzfXH QqPdO\\">Increment by 1</button><button data-test=\\"decrement\\" class=\\"sc-bwzfXH QqPdO\\">Decrement by 1</button><button data-test=\\"delayed-increment\\" class=\\"sc-bwzfXH QqPdO\\">Delayed increment by 1</button></div>"`;
